<?xml version="1.0" encoding="UTF-8"?>
<TestRun id="96e9d477-01c8-4681-9f80-9675965aac1d" name="Еламан@YELAMAN 2016-08-23 17:02:01" runUser="Yelaman\Еламан" xmlns="http://microsoft.com/schemas/VisualStudio/TeamTest/2010">
  <TestSettings name="Локальные" id="d2efc63d-66ec-40bb-b0db-85bac1ca0f2e">
    <Description>Это - параметры по умолчанию для локального тестового запуска.</Description>
    <Deployment enabled="false" runDeploymentRoot="Еламан_YELAMAN 2016-08-23 17_02_01" />
    <Execution>
      <TestTypeSpecific />
      <AgentRule name="Execution Agents">
      </AgentRule>
    </Execution>
  </TestSettings>
  <Times creation="2016-08-23T17:02:01.8276606+06:00" queuing="2016-08-23T17:02:01.8836638+06:00" start="2016-08-23T17:02:02.0356725+06:00" finish="2016-08-23T17:02:02.4906985+06:00" />
  <ResultSummary outcome="Completed">
    <Counters total="1" executed="1" passed="1" error="0" failed="0" timeout="0" aborted="0" inconclusive="0" passedButRunAborted="0" notRunnable="0" notExecuted="0" disconnected="0" warning="0" completed="0" inProgress="0" pending="0" />
  </ResultSummary>
  <TestDefinitions>
    <UnitTest name="CanChangeLoginName" storage="c:\users\еламан\documents\visual studio 2010\projects\gamestore\testingdemo\testingdemo\bin\debug\testingdemo.dll" id="6e04680b-98ee-4548-17c0-8d7e32fdff10">
      <Execution id="db60b2a1-a26b-4c53-a02d-03f96cf4a5ed" />
      <TestMethod codeBase="C:/Users/Еламан/Documents/Visual Studio 2010/Projects/GameStore/TestingDemo/TestingDemo/bin/Debug/TestingDemo.DLL" adapterTypeName="Microsoft.VisualStudio.TestTools.TestTypes.Unit.UnitTestAdapter, Microsoft.VisualStudio.QualityTools.Tips.UnitTest.Adapter, Version=10.0.0.0, Culture=neutral, PublicKeyToken=b03f5f7f11d50a3a" className="TestingDemo.AdminControllerTests, TestingDemo, Version=1.0.0.0, Culture=neutral, PublicKeyToken=null" name="CanChangeLoginName" />
    </UnitTest>
  </TestDefinitions>
  <TestLists>
    <TestList name="Отсутствующие в списке результаты" id="8c84fa94-04c1-424b-9868-57a2d4851a1d" />
    <TestList name="Все загруженные результаты" id="19431567-8539-422a-85d7-44ee4e166bda" />
  </TestLists>
  <TestEntries>
    <TestEntry testId="6e04680b-98ee-4548-17c0-8d7e32fdff10" executionId="db60b2a1-a26b-4c53-a02d-03f96cf4a5ed" testListId="8c84fa94-04c1-424b-9868-57a2d4851a1d" />
  </TestEntries>
  <Results>
    <UnitTestResult executionId="db60b2a1-a26b-4c53-a02d-03f96cf4a5ed" testId="6e04680b-98ee-4548-17c0-8d7e32fdff10" testName="CanChangeLoginName" computerName="YELAMAN" duration="00:00:00.0213297" startTime="2016-08-23T17:02:02.1416785+06:00" endTime="2016-08-23T17:02:02.3626912+06:00" testType="13cdc9d9-ddb5-4fa4-a97d-d965ccfc6d4b" outcome="Passed" testListId="8c84fa94-04c1-424b-9868-57a2d4851a1d" relativeResultsDirectory="db60b2a1-a26b-4c53-a02d-03f96cf4a5ed">
    </UnitTestResult>
  </Results>
</TestRun>